app/invoices/voice/page.tsx(553,8): error TS2741: Property 'onOpenChange' is missing in type '{ open: boolean; onSelect: (template: CompanyTemplate | null) => void; }' but required in type 'TemplateSelectionDialogProps'.
